identifier: abc: 1, 1
identifier: abc123: 2, 1
identifier: abc_: 3, 1
identifier: abc_123: 4, 1
identifier: abc123_: 5, 1
identifier: _: 7, 1
identifier: _abc: 8, 1
identifier: _123: 9, 1
identifier: _abc123: 10, 1
identifier: _123abc: 11, 1