integer-literal: 1: 1, 1
integer-literal: 12: 2, 1
integer-literal: 123: 3, 1
integer-literal: 01: 4, 1
integer-literal: 101: 5, 1
integer-literal: 00123: 6, 1