floating-point-literal: 1.2: 1, 1
floating-point-literal: 3.: 2, 1
floating-point-literal: .4: 3, 1
floating-point-literal: 1e2: 5, 1
floating-point-literal: 1.1e2: 6, 1
floating-point-literal: 1.e2: 7, 1
floating-point-literal: .1e2: 8, 1
floating-point-literal: 1e+4: 10, 1
floating-point-literal: 3e-5: 11, 1
floating-point-literal: 4.1e+3: 13, 1
floating-point-literal: 4.2e-3: 14, 1
floating-point-literal: 4.e+5: 15, 1
floating-point-literal: .4e-5: 16, 1