character-literal: 'a': 1, 1
character-literal: '\'': 3, 1
character-literal: '\\': 5, 1