string-literal: "Before comments": 1, 1
<: 12, 1
=: 12, 13
string-literal: "After comments": 14, 1