string-literal: "Before space": 1, 1
string-literal: "After space": 1, 16
string-literal: "Before tab": 2, 1
string-literal: "After tab": 2, 17
string-literal: "Before newline": 3, 1
string-literal: "After newline": 4, 1