statementList: 1,1
|   
+-- statementList (EMPTY STRING): 1,1
|   
+-- statement: 1,1
|   |   
|   +-- {: 1,1
|   |   
|   +-- statementList: 1,2
|   |   |   
|   |   +-- statementList (EMPTY STRING): 1,2
|   |   |   
|   |   +-- statement: 1,2
|   |   |   |   
|   |   |   +-- expression: 1,2
|   |   |   |   |   
|   |   |   |   +-- a: 1,2
|   |   |   |   |   
|   |   |   |   *   
|   |   |   |   
|   |   |   +-- ;: 1,3
|   |   |   |   
|   |   |   *   
|   |   |   
|   |   *   
|   |   
|   +-- }: 1,4
|   |   
|   *   
|   
*   
statementList: 2,1
|   
+-- statementList (EMPTY STRING): 2,1
|   
+-- statement: 2,1
|   |   
|   +-- {: 2,1
|   |   
|   +-- statementList: 2,1
|   |   |   
|   |   +-- statementList: 2,1
|   |   |   |   
|   |   |   +-- statementList (EMPTY STRING): 2,1
|   |   |   |   
|   |   |   +-- statement: 2,2
|   |   |   |   |   
|   |   |   |   +-- expression: 2,2
|   |   |   |   |   |   
|   |   |   |   |   +-- expression: 2,2
|   |   |   |   |   |   |   
|   |   |   |   |   |   +-- a: 2,2
|   |   |   |   |   |   |   
|   |   |   |   |   |   *   
|   |   |   |   |   |   
|   |   |   |   |   +-- =: 2,4
|   |   |   |   |   |   
|   |   |   |   |   +-- expression: 2,6
|   |   |   |   |   |   |   
|   |   |   |   |   |   +-- 2: 2,6
|   |   |   |   |   |   |   
|   |   |   |   |   |   *   
|   |   |   |   |   |   
|   |   |   |   |   *   
|   |   |   |   |   
|   |   |   |   +-- ;: 2,7
|   |   |   |   |   
|   |   |   |   *   
|   |   |   |   
|   |   |   *   
|   |   |   
|   |   +-- statement: 2,9
|   |   |   |   
|   |   |   +-- expression: 2,9
|   |   |   |   |   
|   |   |   |   +-- function_call: 2,9
|   |   |   |   |   |   
|   |   |   |   |   +-- print: 2,9
|   |   |   |   |   |   
|   |   |   |   |   +-- (: 2,14
|   |   |   |   |   |   
|   |   |   |   |   +-- function_args: 2,15
|   |   |   |   |   |   |   
|   |   |   |   |   |   +-- expression: 2,15
|   |   |   |   |   |   |   |   
|   |   |   |   |   |   |   +-- b: 2,15
|   |   |   |   |   |   |   |   
|   |   |   |   |   |   |   *   
|   |   |   |   |   |   |   
|   |   |   |   |   |   *   
|   |   |   |   |   |   
|   |   |   |   |   +-- ): 2,16
|   |   |   |   |   |   
|   |   |   |   |   *   
|   |   |   |   |   
|   |   |   |   *   
|   |   |   |   
|   |   |   +-- ;: 2,17
|   |   |   |   
|   |   |   *   
|   |   |   
|   |   *   
|   |   
|   +-- }: 2,18
|   |   
|   *   
|   
*   
