statementList: 1,1
|   
+-- statementList (EMPTY STRING): 1,1
|   
+-- statement: 1,1
|   |   
|   +-- expression: 1,1
|   |   |   
|   |   +-- a: 1,1
|   |   |   
|   |   *   
|   |   
|   +-- ;: 1,2
|   |   
|   *   
|   
*   
statementList: 2,1
|   
+-- statementList (EMPTY STRING): 2,1
|   
+-- statement: 2,1
|   |   
|   +-- expression: 2,1
|   |   |   
|   |   +-- expression: 2,1
|   |   |   |   
|   |   |   +-- 2: 2,1
|   |   |   |   
|   |   |   *   
|   |   |   
|   |   +-- +: 2,2
|   |   |   
|   |   +-- expression: 2,3
|   |   |   |   
|   |   |   +-- 2: 2,3
|   |   |   |   
|   |   |   *   
|   |   |   
|   |   *   
|   |   
|   +-- ;: 2,4
|   |   
|   *   
|   
*   
statementList: 3,1
|   
+-- statementList (EMPTY STRING): 3,1
|   
+-- statement: 3,1
|   |   
|   +-- expression: 3,1
|   |   |   
|   |   +-- (: 3,1
|   |   |   
|   |   +-- expression: 3,2
|   |   |   |   
|   |   |   +-- expression: 3,2
|   |   |   |   |   
|   |   |   |   +-- x: 3,2
|   |   |   |   |   
|   |   |   |   *   
|   |   |   |   
|   |   |   +-- >=: 3,4
|   |   |   |   
|   |   |   +-- expression: 3,7
|   |   |   |   |   
|   |   |   |   +-- 9: 3,7
|   |   |   |   |   
|   |   |   |   *   
|   |   |   |   
|   |   |   *   
|   |   |   
|   |   +-- ): 3,8
|   |   |   
|   |   *   
|   |   
|   +-- ;: 3,9
|   |   
|   *   
|   
*   
