statementList: 1,1
|   
+-- statementList (EMPTY STRING): 1,1
|   
+-- statement: 1,1
|   |   
|   +-- while: 1,1
|   |   
|   +-- (: 1,7
|   |   
|   +-- expression: 1,8
|   |   |   
|   |   +-- expression: 1,8
|   |   |   |   
|   |   |   +-- a: 1,8
|   |   |   |   
|   |   |   *   
|   |   |   
|   |   +-- <: 1,9
|   |   |   
|   |   +-- expression: 1,10
|   |   |   |   
|   |   |   +-- 10: 1,10
|   |   |   |   
|   |   |   *   
|   |   |   
|   |   *   
|   |   
|   +-- ): 1,12
|   |   
|   +-- statement: 1,14
|   |   |   
|   |   +-- expression: 1,14
|   |   |   |   
|   |   |   +-- expression: 1,14
|   |   |   |   |   
|   |   |   |   +-- a: 1,14
|   |   |   |   |   
|   |   |   |   *   
|   |   |   |   
|   |   |   +-- =: 1,15
|   |   |   |   
|   |   |   +-- expression: 1,16
|   |   |   |   |   
|   |   |   |   +-- expression: 1,16
|   |   |   |   |   |   
|   |   |   |   |   +-- a: 1,16
|   |   |   |   |   |   
|   |   |   |   |   *   
|   |   |   |   |   
|   |   |   |   +-- +: 1,17
|   |   |   |   |   
|   |   |   |   +-- expression: 1,18
|   |   |   |   |   |   
|   |   |   |   |   +-- 2: 1,18
|   |   |   |   |   |   
|   |   |   |   |   *   
|   |   |   |   |   
|   |   |   |   *   
|   |   |   |   
|   |   |   *   
|   |   |   
|   |   +-- ;: 1,19
|   |   |   
|   |   *   
|   |   
|   *   
|   
*   
