statementList: 1,1
|   
+-- statementList (EMPTY STRING): 1,1
|   
+-- statement: 1,1
|   |   
|   +-- if: 1,1
|   |   
|   +-- (: 1,4
|   |   
|   +-- expression: 1,5
|   |   |   
|   |   +-- expression: 1,5
|   |   |   |   
|   |   |   +-- a: 1,5
|   |   |   |   
|   |   |   *   
|   |   |   
|   |   +-- ==: 1,6
|   |   |   
|   |   +-- expression: 1,8
|   |   |   |   
|   |   |   +-- 2: 1,8
|   |   |   |   
|   |   |   *   
|   |   |   
|   |   *   
|   |   
|   +-- ): 1,9
|   |   
|   +-- statement: 1,11
|   |   |   
|   |   +-- expression: 1,11
|   |   |   |   
|   |   |   +-- function_call: 1,11
|   |   |   |   |   
|   |   |   |   +-- print: 1,11
|   |   |   |   |   
|   |   |   |   +-- (: 1,16
|   |   |   |   |   
|   |   |   |   +-- function_args: 1,17
|   |   |   |   |   |   
|   |   |   |   |   +-- expression: 1,17
|   |   |   |   |   |   |   
|   |   |   |   |   |   +-- b: 1,17
|   |   |   |   |   |   |   
|   |   |   |   |   |   *   
|   |   |   |   |   |   
|   |   |   |   |   *   
|   |   |   |   |   
|   |   |   |   +-- ): 1,18
|   |   |   |   |   
|   |   |   |   *   
|   |   |   |   
|   |   |   *   
|   |   |   
|   |   +-- ;: 1,19
|   |   |   
|   |   *   
|   |   
|   *   
|   
*   
