statementList: 1,1
|   
+-- statementList (EMPTY STRING): 1,1
|   
+-- statement: 1,1
|   |   
|   +-- expression: 1,1
|   |   |   
|   |   +-- (: 1,1
|   |   |   
|   |   +-- expression: 1,2
|   |   |   |   
|   |   |   +-- a: 1,2
|   |   |   |   
|   |   |   *   
|   |   |   
|   |   +-- ): 1,3
|   |   |   
|   |   *   
|   |   
|   +-- ;: 1,4
|   |   
|   *   
|   
*   
statementList: 2,1
|   
+-- statementList (EMPTY STRING): 2,1
|   
+-- statement: 2,1
|   |   
|   +-- expression: 2,1
|   |   |   
|   |   +-- (: 2,1
|   |   |   
|   |   +-- expression: 2,2
|   |   |   |   
|   |   |   +-- expression: 2,2
|   |   |   |   |   
|   |   |   |   +-- 2: 2,2
|   |   |   |   |   
|   |   |   |   *   
|   |   |   |   
|   |   |   +-- +: 2,3
|   |   |   |   
|   |   |   +-- expression: 2,4
|   |   |   |   |   
|   |   |   |   +-- b: 2,4
|   |   |   |   |   
|   |   |   |   *   
|   |   |   |   
|   |   |   *   
|   |   |   
|   |   +-- ): 2,5
|   |   |   
|   |   *   
|   |   
|   +-- ;: 2,6
|   |   
|   *   
|   
*   
statementList: 3,1
|   
+-- statementList (EMPTY STRING): 3,1
|   
+-- statement: 3,1
|   |   
|   +-- expression: 3,1
|   |   |   
|   |   +-- (: 3,1
|   |   |   
|   |   +-- expression: 3,2
|   |   |   |   
|   |   |   +-- expression: 3,2
|   |   |   |   |   
|   |   |   |   +-- c: 3,2
|   |   |   |   |   
|   |   |   |   *   
|   |   |   |   
|   |   |   +-- =: 3,4
|   |   |   |   
|   |   |   +-- expression: 3,6
|   |   |   |   |   
|   |   |   |   +-- expression: 3,6
|   |   |   |   |   |   
|   |   |   |   |   +-- d: 3,6
|   |   |   |   |   |   
|   |   |   |   |   *   
|   |   |   |   |   
|   |   |   |   +-- -: 3,7
|   |   |   |   |   
|   |   |   |   +-- expression: 3,8
|   |   |   |   |   |   
|   |   |   |   |   +-- e: 3,8
|   |   |   |   |   |   
|   |   |   |   |   *   
|   |   |   |   |   
|   |   |   |   *   
|   |   |   |   
|   |   |   *   
|   |   |   
|   |   +-- ): 3,9
|   |   |   
|   |   *   
|   |   
|   +-- ;: 3,10
|   |   
|   *   
|   
*   
