statementList: 1,1
|   
+-- statementList (EMPTY STRING): 1,1
|   
+-- statement: 1,1
|   |   
|   +-- expression: 1,1
|   |   |   
|   |   +-- expression: 1,1
|   |   |   |   
|   |   |   +-- a: 1,1
|   |   |   |   
|   |   |   *   
|   |   |   
|   |   +-- +: 1,2
|   |   |   
|   |   +-- expression: 1,3
|   |   |   |   
|   |   |   +-- 2: 1,3
|   |   |   |   
|   |   |   *   
|   |   |   
|   |   *   
|   |   
|   +-- ;: 1,4
|   |   
|   *   
|   
*   
statementList: 2,1
|   
+-- statementList (EMPTY STRING): 2,1
|   
+-- statement: 2,1
|   |   
|   +-- expression: 2,1
|   |   |   
|   |   +-- expression: 2,1
|   |   |   |   
|   |   |   +-- b: 2,1
|   |   |   |   
|   |   |   *   
|   |   |   
|   |   +-- -: 2,2
|   |   |   
|   |   +-- expression: 2,3
|   |   |   |   
|   |   |   +-- 1: 2,3
|   |   |   |   
|   |   |   *   
|   |   |   
|   |   *   
|   |   
|   +-- ;: 2,4
|   |   
|   *   
|   
*   
statementList: 3,1
|   
+-- statementList (EMPTY STRING): 3,1
|   
+-- statement: 3,1
|   |   
|   +-- expression: 3,1
|   |   |   
|   |   +-- expression: 3,1
|   |   |   |   
|   |   |   +-- c: 3,1
|   |   |   |   
|   |   |   *   
|   |   |   
|   |   +-- *: 3,2
|   |   |   
|   |   +-- expression: 3,3
|   |   |   |   
|   |   |   +-- 3: 3,3
|   |   |   |   
|   |   |   *   
|   |   |   
|   |   *   
|   |   
|   +-- ;: 3,4
|   |   
|   *   
|   
*   
statementList: 4,1
|   
+-- statementList (EMPTY STRING): 4,1
|   
+-- statement: 4,1
|   |   
|   +-- expression: 4,1
|   |   |   
|   |   +-- expression: 4,1
|   |   |   |   
|   |   |   +-- d: 4,1
|   |   |   |   
|   |   |   *   
|   |   |   
|   |   +-- -: 4,2
|   |   |   
|   |   +-- expression: 4,3
|   |   |   |   
|   |   |   +-- 4: 4,3
|   |   |   |   
|   |   |   *   
|   |   |   
|   |   *   
|   |   
|   +-- ;: 4,4
|   |   
|   *   
|   
*   
statementList: 5,1
|   
+-- statementList (EMPTY STRING): 5,1
|   
+-- statement: 5,1
|   |   
|   +-- expression: 5,1
|   |   |   
|   |   +-- expression: 5,1
|   |   |   |   
|   |   |   +-- e: 5,1
|   |   |   |   
|   |   |   *   
|   |   |   
|   |   +-- =: 5,2
|   |   |   
|   |   +-- expression: 5,3
|   |   |   |   
|   |   |   +-- 5: 5,3
|   |   |   |   
|   |   |   *   
|   |   |   
|   |   *   
|   |   
|   +-- ;: 5,4
|   |   
|   *   
|   
*   
