statementList: 1,1
|   
+-- statementList (EMPTY STRING): 1,1
|   
+-- statement: 1,1
|   |   
|   +-- expression: 1,1
|   |   |   
|   |   +-- expression: 1,1
|   |   |   |   
|   |   |   +-- a: 1,1
|   |   |   |   
|   |   |   *   
|   |   |   
|   |   +-- &&: 1,3
|   |   |   
|   |   +-- expression: 1,6
|   |   |   |   
|   |   |   +-- b: 1,6
|   |   |   |   
|   |   |   *   
|   |   |   
|   |   *   
|   |   
|   +-- ;: 1,7
|   |   
|   *   
|   
*   
statementList: 2,1
|   
+-- statementList (EMPTY STRING): 2,1
|   
+-- statement: 2,1
|   |   
|   +-- expression: 2,1
|   |   |   
|   |   +-- expression: 2,1
|   |   |   |   
|   |   |   +-- c: 2,1
|   |   |   |   
|   |   |   *   
|   |   |   
|   |   +-- ||: 2,3
|   |   |   
|   |   +-- expression: 2,6
|   |   |   |   
|   |   |   +-- d: 2,6
|   |   |   |   
|   |   |   *   
|   |   |   
|   |   *   
|   |   
|   +-- ;: 2,7
|   |   
|   *   
|   
*   
statementList: 3,1
|   
+-- statementList (EMPTY STRING): 3,1
|   
+-- statement: 3,1
|   |   
|   +-- expression: 3,1
|   |   |   
|   |   +-- expression: 3,1
|   |   |   |   
|   |   |   +-- e: 3,1
|   |   |   |   
|   |   |   *   
|   |   |   
|   |   +-- <: 3,3
|   |   |   
|   |   +-- expression: 3,5
|   |   |   |   
|   |   |   +-- f: 3,5
|   |   |   |   
|   |   |   *   
|   |   |   
|   |   *   
|   |   
|   +-- ;: 3,6
|   |   
|   *   
|   
*   
statementList: 4,1
|   
+-- statementList (EMPTY STRING): 4,1
|   
+-- statement: 4,1
|   |   
|   +-- expression: 4,1
|   |   |   
|   |   +-- expression: 4,1
|   |   |   |   
|   |   |   +-- g: 4,1
|   |   |   |   
|   |   |   *   
|   |   |   
|   |   +-- <=: 4,3
|   |   |   
|   |   +-- expression: 4,6
|   |   |   |   
|   |   |   +-- h: 4,6
|   |   |   |   
|   |   |   *   
|   |   |   
|   |   *   
|   |   
|   +-- ;: 4,7
|   |   
|   *   
|   
*   
statementList: 5,1
|   
+-- statementList (EMPTY STRING): 5,1
|   
+-- statement: 5,1
|   |   
|   +-- expression: 5,1
|   |   |   
|   |   +-- expression: 5,1
|   |   |   |   
|   |   |   +-- i: 5,1
|   |   |   |   
|   |   |   *   
|   |   |   
|   |   +-- >: 5,3
|   |   |   
|   |   +-- expression: 5,5
|   |   |   |   
|   |   |   +-- j: 5,5
|   |   |   |   
|   |   |   *   
|   |   |   
|   |   *   
|   |   
|   +-- ;: 5,6
|   |   
|   *   
|   
*   
statementList: 6,1
|   
+-- statementList (EMPTY STRING): 6,1
|   
+-- statement: 6,1
|   |   
|   +-- expression: 6,1
|   |   |   
|   |   +-- expression: 6,1
|   |   |   |   
|   |   |   +-- k: 6,1
|   |   |   |   
|   |   |   *   
|   |   |   
|   |   +-- >=: 6,3
|   |   |   
|   |   +-- expression: 6,6
|   |   |   |   
|   |   |   +-- l: 6,6
|   |   |   |   
|   |   |   *   
|   |   |   
|   |   *   
|   |   
|   +-- ;: 6,7
|   |   
|   *   
|   
*   
statementList: 7,1
|   
+-- statementList (EMPTY STRING): 7,1
|   
+-- statement: 7,1
|   |   
|   +-- expression: 7,1
|   |   |   
|   |   +-- expression: 7,1
|   |   |   |   
|   |   |   +-- m: 7,1
|   |   |   |   
|   |   |   *   
|   |   |   
|   |   +-- ==: 7,3
|   |   |   
|   |   +-- expression: 7,6
|   |   |   |   
|   |   |   +-- n: 7,6
|   |   |   |   
|   |   |   *   
|   |   |   
|   |   *   
|   |   
|   +-- ;: 7,7
|   |   
|   *   
|   
*   
statementList: 8,1
|   
+-- statementList (EMPTY STRING): 8,1
|   
+-- statement: 8,1
|   |   
|   +-- expression: 8,1
|   |   |   
|   |   +-- expression: 8,1
|   |   |   |   
|   |   |   +-- o: 8,1
|   |   |   |   
|   |   |   *   
|   |   |   
|   |   +-- !=: 8,3
|   |   |   
|   |   +-- expression: 8,6
|   |   |   |   
|   |   |   +-- p: 8,6
|   |   |   |   
|   |   |   *   
|   |   |   
|   |   *   
|   |   
|   +-- ;: 8,7
|   |   
|   *   
|   
*   
