Code:
%t1 = 2
a = %t1
%t2 = 3.100000
c = %t2
%t3 = 1
a = %t3

