Code:
%t1 = 2
a = %t1
%t2 = 1
a = %t2
%t3 = a
b = %t3
%t4 = a
c = %t4

