Code:
%t1 = 2
a = %t1
%t2 = 2.300000
b = %t2
%t3 = 'a'
c = %t3
%t4 = 2
d = %t4
%t5 = int2float d
b = %t5

