Code:
%t1 = 2
a = %t1
%t2 = 2.100000
b = %t2
%t3 = 'a'
c = %t3

